[05-Jun-2022 22:53:30 UTC] PHP Warning:  Undefined array key "name" in /Applications/XAMPP/xamppfiles/htdocs/Projects/Assignment2_MVa57507/inc/HTMLpage.class.MVa57507.php on line 68
[05-Jun-2022 22:53:30 UTC] PHP Deprecated:  htmlspecialchars(): Passing null to parameter #1 ($string) of type string is deprecated in /Applications/XAMPP/xamppfiles/htdocs/Projects/Assignment2_MVa57507/inc/HTMLpage.class.MVa57507.php on line 68
[05-Jun-2022 22:53:30 UTC] PHP Warning:  Undefined array key "email" in /Applications/XAMPP/xamppfiles/htdocs/Projects/Assignment2_MVa57507/inc/HTMLpage.class.MVa57507.php on line 72
[05-Jun-2022 22:53:30 UTC] PHP Deprecated:  htmlspecialchars(): Passing null to parameter #1 ($string) of type string is deprecated in /Applications/XAMPP/xamppfiles/htdocs/Projects/Assignment2_MVa57507/inc/HTMLpage.class.MVa57507.php on line 72
[05-Jun-2022 22:53:30 UTC] PHP Warning:  Undefined array key "studentId" in /Applications/XAMPP/xamppfiles/htdocs/Projects/Assignment2_MVa57507/inc/HTMLpage.class.MVa57507.php on line 76
[05-Jun-2022 22:53:30 UTC] PHP Deprecated:  htmlspecialchars(): Passing null to parameter #1 ($string) of type string is deprecated in /Applications/XAMPP/xamppfiles/htdocs/Projects/Assignment2_MVa57507/inc/HTMLpage.class.MVa57507.php on line 76
[05-Jun-2022 22:53:30 UTC] PHP Warning:  Undefined array key "years" in /Applications/XAMPP/xamppfiles/htdocs/Projects/Assignment2_MVa57507/inc/HTMLpage.class.MVa57507.php on line 96
[05-Jun-2022 22:53:30 UTC] PHP Deprecated:  htmlspecialchars(): Passing null to parameter #1 ($string) of type string is deprecated in /Applications/XAMPP/xamppfiles/htdocs/Projects/Assignment2_MVa57507/inc/HTMLpage.class.MVa57507.php on line 96
[05-Jun-2022 22:53:30 UTC] PHP Warning:  Undefined array key "courses" in /Applications/XAMPP/xamppfiles/htdocs/Projects/Assignment2_MVa57507/inc/HTMLpage.class.MVa57507.php on line 100
[05-Jun-2022 22:53:30 UTC] PHP Deprecated:  htmlspecialchars(): Passing null to parameter #1 ($string) of type string is deprecated in /Applications/XAMPP/xamppfiles/htdocs/Projects/Assignment2_MVa57507/inc/HTMLpage.class.MVa57507.php on line 100
[05-Jun-2022 22:53:30 UTC] PHP Warning:  Undefined array key "name" in /Applications/XAMPP/xamppfiles/htdocs/Projects/Assignment2_MVa57507/inc/HTMLpage.class.MVa57507.php on line 122
[05-Jun-2022 22:53:30 UTC] PHP Deprecated:  htmlspecialchars(): Passing null to parameter #1 ($string) of type string is deprecated in /Applications/XAMPP/xamppfiles/htdocs/Projects/Assignment2_MVa57507/inc/HTMLpage.class.MVa57507.php on line 122
[05-Jun-2022 22:53:30 UTC] PHP Warning:  Undefined array key "email" in /Applications/XAMPP/xamppfiles/htdocs/Projects/Assignment2_MVa57507/inc/HTMLpage.class.MVa57507.php on line 123
[05-Jun-2022 22:53:30 UTC] PHP Deprecated:  htmlspecialchars(): Passing null to parameter #1 ($string) of type string is deprecated in /Applications/XAMPP/xamppfiles/htdocs/Projects/Assignment2_MVa57507/inc/HTMLpage.class.MVa57507.php on line 123
[05-Jun-2022 22:53:30 UTC] PHP Warning:  Undefined array key "option" in /Applications/XAMPP/xamppfiles/htdocs/Projects/Assignment2_MVa57507/inc/HTMLpage.class.MVa57507.php on line 124
[05-Jun-2022 22:53:30 UTC] PHP Deprecated:  htmlspecialchars(): Passing null to parameter #1 ($string) of type string is deprecated in /Applications/XAMPP/xamppfiles/htdocs/Projects/Assignment2_MVa57507/inc/HTMLpage.class.MVa57507.php on line 124
[05-Jun-2022 22:53:30 UTC] PHP Warning:  Undefined array key "program" in /Applications/XAMPP/xamppfiles/htdocs/Projects/Assignment2_MVa57507/inc/HTMLpage.class.MVa57507.php on line 125
[05-Jun-2022 22:53:30 UTC] PHP Deprecated:  htmlspecialchars(): Passing null to parameter #1 ($string) of type string is deprecated in /Applications/XAMPP/xamppfiles/htdocs/Projects/Assignment2_MVa57507/inc/HTMLpage.class.MVa57507.php on line 125
[05-Jun-2022 22:53:30 UTC] PHP Warning:  Undefined array key "years" in /Applications/XAMPP/xamppfiles/htdocs/Projects/Assignment2_MVa57507/inc/HTMLpage.class.MVa57507.php on line 126
[05-Jun-2022 22:53:30 UTC] PHP Deprecated:  htmlspecialchars(): Passing null to parameter #1 ($string) of type string is deprecated in /Applications/XAMPP/xamppfiles/htdocs/Projects/Assignment2_MVa57507/inc/HTMLpage.class.MVa57507.php on line 126
[05-Jun-2022 22:53:30 UTC] PHP Warning:  Undefined array key "courses" in /Applications/XAMPP/xamppfiles/htdocs/Projects/Assignment2_MVa57507/inc/HTMLpage.class.MVa57507.php on line 127
[05-Jun-2022 22:53:30 UTC] PHP Deprecated:  htmlspecialchars(): Passing null to parameter #1 ($string) of type string is deprecated in /Applications/XAMPP/xamppfiles/htdocs/Projects/Assignment2_MVa57507/inc/HTMLpage.class.MVa57507.php on line 127
[05-Jun-2022 22:53:30 UTC] PHP Warning:  Undefined array key "name" in /Applications/XAMPP/xamppfiles/htdocs/Projects/Assignment2_MVa57507/inc/HTMLpage.class.MVa57507.php on line 122
[05-Jun-2022 22:53:30 UTC] PHP Deprecated:  htmlspecialchars(): Passing null to parameter #1 ($string) of type string is deprecated in /Applications/XAMPP/xamppfiles/htdocs/Projects/Assignment2_MVa57507/inc/HTMLpage.class.MVa57507.php on line 122
[05-Jun-2022 22:53:30 UTC] PHP Warning:  Undefined array key "email" in /Applications/XAMPP/xamppfiles/htdocs/Projects/Assignment2_MVa57507/inc/HTMLpage.class.MVa57507.php on line 123
[05-Jun-2022 22:53:30 UTC] PHP Deprecated:  htmlspecialchars(): Passing null to parameter #1 ($string) of type string is deprecated in /Applications/XAMPP/xamppfiles/htdocs/Projects/Assignment2_MVa57507/inc/HTMLpage.class.MVa57507.php on line 123
[05-Jun-2022 22:53:30 UTC] PHP Warning:  Undefined array key "option" in /Applications/XAMPP/xamppfiles/htdocs/Projects/Assignment2_MVa57507/inc/HTMLpage.class.MVa57507.php on line 124
[05-Jun-2022 22:53:30 UTC] PHP Deprecated:  htmlspecialchars(): Passing null to parameter #1 ($string) of type string is deprecated in /Applications/XAMPP/xamppfiles/htdocs/Projects/Assignment2_MVa57507/inc/HTMLpage.class.MVa57507.php on line 124
[05-Jun-2022 22:53:30 UTC] PHP Warning:  Undefined array key "program" in /Applications/XAMPP/xamppfiles/htdocs/Projects/Assignment2_MVa57507/inc/HTMLpage.class.MVa57507.php on line 125
[05-Jun-2022 22:53:30 UTC] PHP Deprecated:  htmlspecialchars(): Passing null to parameter #1 ($string) of type string is deprecated in /Applications/XAMPP/xamppfiles/htdocs/Projects/Assignment2_MVa57507/inc/HTMLpage.class.MVa57507.php on line 125
[05-Jun-2022 22:53:30 UTC] PHP Warning:  Undefined array key "years" in /Applications/XAMPP/xamppfiles/htdocs/Projects/Assignment2_MVa57507/inc/HTMLpage.class.MVa57507.php on line 126
[05-Jun-2022 22:53:30 UTC] PHP Deprecated:  htmlspecialchars(): Passing null to parameter #1 ($string) of type string is deprecated in /Applications/XAMPP/xamppfiles/htdocs/Projects/Assignment2_MVa57507/inc/HTMLpage.class.MVa57507.php on line 126
[05-Jun-2022 22:53:30 UTC] PHP Warning:  Undefined array key "courses" in /Applications/XAMPP/xamppfiles/htdocs/Projects/Assignment2_MVa57507/inc/HTMLpage.class.MVa57507.php on line 127
[05-Jun-2022 22:53:30 UTC] PHP Deprecated:  htmlspecialchars(): Passing null to parameter #1 ($string) of type string is deprecated in /Applications/XAMPP/xamppfiles/htdocs/Projects/Assignment2_MVa57507/inc/HTMLpage.class.MVa57507.php on line 127
